DEBUG    selenium.webdriver.remote.remote_connection:remote_connection.py:388 POST http://127.0.0.1:64005/session {"capabilities": {"firstMatch": [{}], "alwaysMatch": {"browserName": "chrome", "platformName": "any", "goog:chromeOptions": {"excludeSwitches": ["enable-automation"], "prefs": {"credentials_enable_service": false, "profile.password_manager_enabled": false}, "extensions": [], "args": ["window-size=1920, 1080", "--ignore-certificate-errors", "--allow-insecure-localhost", "--disable-gpu", "--no-sandbox", "--disable-dev-shm-usage", "--disable-features=PasswordManager,PasswordLeakDetection,AutofillServerCommunication"]}}}, "desiredCapabilities": {"browserName": "chrome", "version": "", "platform": "ANY", "goog:chromeOptions": {"excludeSwitches": ["enable-automation"], "prefs": {"credentials_enable_service": false, "profile.password_manager_enabled": false}, "extensions": [], "args": ["window-size=1920, 1080", "--ignore-certificate-errors", "--allow-insecure-localhost", "--disable-gpu", "--no-sandbox", "--disable-dev-shm-usage", "--disable-features=PasswordManager,PasswordLeakDetection,AutofillServerCommunication"]}}}
DEBUG    urllib3.connectionpool:connectionpool.py:250 Starting new HTTP connection (1): 127.0.0.1:64005
DEBUG    urllib3.connectionpool:connectionpool.py:483 http://127.0.0.1:64005 "POST /session HTTP/1.1" 200 892
DEBUG    selenium.webdriver.remote.remote_connection:remote_connection.py:440 Finished Request
DEBUG    selenium.webdriver.remote.remote_connection:remote_connection.py:388 DELETE http://127.0.0.1:64005/session/85534d5f97c549ac4f538f35656c21ed/cookie {}
DEBUG    urllib3.connectionpool:connectionpool.py:483 http://127.0.0.1:64005 "DELETE /session/85534d5f97c549ac4f538f35656c21ed/cookie HTTP/1.1" 200 14
DEBUG    selenium.webdriver.remote.remote_connection:remote_connection.py:440 Finished Request
DEBUG    selenium.webdriver.remote.remote_connection:remote_connection.py:388 POST http://127.0.0.1:64005/session/85534d5f97c549ac4f538f35656c21ed/url {"url": "http://www.tcpjwtester.top/login?url=%2F/login"}
DEBUG    urllib3.connectionpool:connectionpool.py:483 http://127.0.0.1:64005 "POST /session/85534d5f97c549ac4f538f35656c21ed/url HTTP/1.1" 200 14
DEBUG    selenium.webdriver.remote.remote_connection:remote_connection.py:440 Finished Request
DEBUG    selenium.webdriver.remote.remote_connection:remote_connection.py:388 POST http://127.0.0.1:64005/session/85534d5f97c549ac4f538f35656c21ed/execute/sync {"script": "return document.readyState", "args": []}
DEBUG    urllib3.connectionpool:connectionpool.py:483 http://127.0.0.1:64005 "POST /session/85534d5f97c549ac4f538f35656c21ed/execute/sync HTTP/1.1" 200 20
DEBUG    selenium.webdriver.remote.remote_connection:remote_connection.py:440 Finished Request
DEBUG    selenium.webdriver.remote.remote_connection:remote_connection.py:388 POST http://127.0.0.1:64005/session/85534d5f97c549ac4f538f35656c21ed/element {"using": "xpath", "value": "//input[@placeholder='\u7528\u6237\u540d']"}
DEBUG    urllib3.connectionpool:connectionpool.py:483 http://127.0.0.1:64005 "POST /session/85534d5f97c549ac4f538f35656c21ed/element HTTP/1.1" 200 125
DEBUG    selenium.webdriver.remote.remote_connection:remote_connection.py:440 Finished Request
DEBUG    selenium.webdriver.remote.remote_connection:remote_connection.py:388 POST http://127.0.0.1:64005/session/85534d5f97c549ac4f538f35656c21ed/element/f.C61A6A5630903AE5BB3EDCBFFD4FBB1D.d.A0B17FA7B2F5652C7DEC735CBA1A89B3.e.4/clear {"id": "f.C61A6A5630903AE5BB3EDCBFFD4FBB1D.d.A0B17FA7B2F5652C7DEC735CBA1A89B3.e.4"}
DEBUG    urllib3.connectionpool:connectionpool.py:483 http://127.0.0.1:64005 "POST /session/85534d5f97c549ac4f538f35656c21ed/element/f.C61A6A5630903AE5BB3EDCBFFD4FBB1D.d.A0B17FA7B2F5652C7DEC735CBA1A89B3.e.4/clear HTTP/1.1" 200 14
DEBUG    selenium.webdriver.remote.remote_connection:remote_connection.py:440 Finished Request
DEBUG    selenium.webdriver.remote.remote_connection:remote_connection.py:388 POST http://127.0.0.1:64005/session/85534d5f97c549ac4f538f35656c21ed/element/f.C61A6A5630903AE5BB3EDCBFFD4FBB1D.d.A0B17FA7B2F5652C7DEC735CBA1A89B3.e.4/value {"text": "william", "value": ["w", "i", "l", "l", "i", "a", "m"], "id": "f.C61A6A5630903AE5BB3EDCBFFD4FBB1D.d.A0B17FA7B2F5652C7DEC735CBA1A89B3.e.4"}
DEBUG    urllib3.connectionpool:connectionpool.py:483 http://127.0.0.1:64005 "POST /session/85534d5f97c549ac4f538f35656c21ed/element/f.C61A6A5630903AE5BB3EDCBFFD4FBB1D.d.A0B17FA7B2F5652C7DEC735CBA1A89B3.e.4/value HTTP/1.1" 200 14
DEBUG    selenium.webdriver.remote.remote_connection:remote_connection.py:440 Finished Request
DEBUG    selenium.webdriver.remote.remote_connection:remote_connection.py:388 POST http://127.0.0.1:64005/session/85534d5f97c549ac4f538f35656c21ed/execute/sync {"script": "return document.readyState", "args": []}
DEBUG    urllib3.connectionpool:connectionpool.py:483 http://127.0.0.1:64005 "POST /session/85534d5f97c549ac4f538f35656c21ed/execute/sync HTTP/1.1" 200 20
DEBUG    selenium.webdriver.remote.remote_connection:remote_connection.py:440 Finished Request
DEBUG    selenium.webdriver.remote.remote_connection:remote_connection.py:388 POST http://127.0.0.1:64005/session/85534d5f97c549ac4f538f35656c21ed/element {"using": "xpath", "value": "//input[@placeholder='\u5bc6\u7801']"}
DEBUG    urllib3.connectionpool:connectionpool.py:483 http://127.0.0.1:64005 "POST /session/85534d5f97c549ac4f538f35656c21ed/element HTTP/1.1" 200 125
DEBUG    selenium.webdriver.remote.remote_connection:remote_connection.py:440 Finished Request
DEBUG    selenium.webdriver.remote.remote_connection:remote_connection.py:388 POST http://127.0.0.1:64005/session/85534d5f97c549ac4f538f35656c21ed/element/f.C61A6A5630903AE5BB3EDCBFFD4FBB1D.d.A0B17FA7B2F5652C7DEC735CBA1A89B3.e.5/clear {"id": "f.C61A6A5630903AE5BB3EDCBFFD4FBB1D.d.A0B17FA7B2F5652C7DEC735CBA1A89B3.e.5"}
DEBUG    urllib3.connectionpool:connectionpool.py:483 http://127.0.0.1:64005 "POST /session/85534d5f97c549ac4f538f35656c21ed/element/f.C61A6A5630903AE5BB3EDCBFFD4FBB1D.d.A0B17FA7B2F5652C7DEC735CBA1A89B3.e.5/clear HTTP/1.1" 200 14
DEBUG    selenium.webdriver.remote.remote_connection:remote_connection.py:440 Finished Request
DEBUG    selenium.webdriver.remote.remote_connection:remote_connection.py:388 POST http://127.0.0.1:64005/session/85534d5f97c549ac4f538f35656c21ed/element/f.C61A6A5630903AE5BB3EDCBFFD4FBB1D.d.A0B17FA7B2F5652C7DEC735CBA1A89B3.e.5/value {"text": "william", "value": ["w", "i", "l", "l", "i", "a", "m"], "id": "f.C61A6A5630903AE5BB3EDCBFFD4FBB1D.d.A0B17FA7B2F5652C7DEC735CBA1A89B3.e.5"}
DEBUG    urllib3.connectionpool:connectionpool.py:483 http://127.0.0.1:64005 "POST /session/85534d5f97c549ac4f538f35656c21ed/element/f.C61A6A5630903AE5BB3EDCBFFD4FBB1D.d.A0B17FA7B2F5652C7DEC735CBA1A89B3.e.5/value HTTP/1.1" 200 14
DEBUG    selenium.webdriver.remote.remote_connection:remote_connection.py:440 Finished Request
DEBUG    selenium.webdriver.remote.remote_connection:remote_connection.py:388 POST http://127.0.0.1:64005/session/85534d5f97c549ac4f538f35656c21ed/execute/sync {"script": "return document.readyState", "args": []}
DEBUG    urllib3.connectionpool:connectionpool.py:483 http://127.0.0.1:64005 "POST /session/85534d5f97c549ac4f538f35656c21ed/execute/sync HTTP/1.1" 200 20
DEBUG    selenium.webdriver.remote.remote_connection:remote_connection.py:440 Finished Request
DEBUG    selenium.webdriver.remote.remote_connection:remote_connection.py:388 POST http://127.0.0.1:64005/session/85534d5f97c549ac4f538f35656c21ed/element {"using": "xpath", "value": "//span[text()='\u767b\u5f55']/parent::button"}
DEBUG    urllib3.connectionpool:connectionpool.py:483 http://127.0.0.1:64005 "POST /session/85534d5f97c549ac4f538f35656c21ed/element HTTP/1.1" 200 125
DEBUG    selenium.webdriver.remote.remote_connection:remote_connection.py:440 Finished Request
DEBUG    selenium.webdriver.remote.remote_connection:remote_connection.py:388 POST http://127.0.0.1:64005/session/85534d5f97c549ac4f538f35656c21ed/element/f.C61A6A5630903AE5BB3EDCBFFD4FBB1D.d.A0B17FA7B2F5652C7DEC735CBA1A89B3.e.6/click {"id": "f.C61A6A5630903AE5BB3EDCBFFD4FBB1D.d.A0B17FA7B2F5652C7DEC735CBA1A89B3.e.6"}
DEBUG    urllib3.connectionpool:connectionpool.py:483 http://127.0.0.1:64005 "POST /session/85534d5f97c549ac4f538f35656c21ed/element/f.C61A6A5630903AE5BB3EDCBFFD4FBB1D.d.A0B17FA7B2F5652C7DEC735CBA1A89B3.e.6/click HTTP/1.1" 200 14
DEBUG    selenium.webdriver.remote.remote_connection:remote_connection.py:440 Finished Request
DEBUG    selenium.webdriver.remote.remote_connection:remote_connection.py:388 POST http://127.0.0.1:64005/session/85534d5f97c549ac4f538f35656c21ed/element {"using": "xpath", "value": "//p[text()='\u767b\u5f55\u6210\u529f']"}
DEBUG    urllib3.connectionpool:connectionpool.py:483 http://127.0.0.1:64005 "POST /session/85534d5f97c549ac4f538f35656c21ed/element HTTP/1.1" 404 1627
DEBUG    selenium.webdriver.remote.remote_connection:remote_connection.py:440 Finished Request
DEBUG    selenium.webdriver.remote.remote_connection:remote_connection.py:388 GET http://127.0.0.1:64005/session/85534d5f97c549ac4f538f35656c21ed/screenshot {}
DEBUG    urllib3.connectionpool:connectionpool.py:483 http://127.0.0.1:64005 "GET /session/85534d5f97c549ac4f538f35656c21ed/screenshot HTTP/1.1" 200 126484
DEBUG    selenium.webdriver.remote.remote_connection:remote_connection.py:440 Finished Request
DEBUG    selenium.webdriver.remote.remote_connection:remote_connection.py:388 DELETE http://127.0.0.1:64005/session/85534d5f97c549ac4f538f35656c21ed {}
DEBUG    urllib3.connectionpool:connectionpool.py:483 http://127.0.0.1:64005 "DELETE /session/85534d5f97c549ac4f538f35656c21ed HTTP/1.1" 200 14
DEBUG    selenium.webdriver.remote.remote_connection:remote_connection.py:440 Finished Request
